[05.09.2026 21:43:34,59] START 
=== PORTAL SYNC ===

Provenance із кешу: 3859 статей
Архівів у кеші: 83

Перевіряю зміни після:
2026-09-05T17:26:29Z
Recent changes: 545
WARNING: Http response status 429
WARNING: Non-JSON response received from server wikipedia:uk for url
https://uk.wikipedia.org/w/api.php
The server may be down.
Status code: 429
User agent: IggyPoe/sexuality_portal (wikipedia:uk; User:IggyPoe) Pywikibot/11.7.0 (-1 (unknown)) Python/3.14.4.final.0 requests/2.33.1

The text message is:
You are making too many requests to the API.
Please follow the best practices at .
If you are unsure how to get the access you need, contact .
request-id: d505609b-2525-4ef1-a27a-c80c0004250a

Set gcllimit = ['250']
WARNING: Waiting 5.0 seconds before retrying.
Sleeping for 22.8 seconds, 2026-09-05 21:44:51

Нових/змінених архівів немає.

Виявлено зміни тематичної категоризації.

=== ПЕРЕБУДОВУЮ ТЕМАТИЧНИЙ PROVENANCE ===

Категорія:Сексуальність (0/3)
Категорія:Люди за сексуальністю (1/3)
Категорія:Вигадані персонажі за сексуальністю (2/3)
Категорія:Вигадані ґвалтівники (3/3)
Категорія:Вигадані персонажі, що були залучені до інцесту (3/3)
Категорія:Вигадані ЛГБТ-персонажі (3/3)
Категорія:Вигадані педофіли (3/3)
Категорія:Вигадані поліамори (3/3)
Категорія:ЛГБТ-люди за сексуальною орієнтацією (2/3)
Категорія:Асексуали (3/3)
Категорія:Бісексуали (3/3)
Категорія:Лесбійки (3/3)
Категорія:Пансексуальні люди (3/3)
Категорія:Історичні постаті з неоднозначною або спірною сексуальною орієнтацією (2/3)
Категорія:Персоналії:ЛГБТ (2/3)
Категорія:ЛГБТ-люди за сексуальною орієнтацією (3/3)
Категорія:Активісти ЛГБТ-руху (3/3)
Категорія:Вигадані ЛГБТ-персонажі (3/3)
Категорія:Дослідники гомосексуальності (3/3)
Категорія:Кросдресери (3/3)
Категорія:ЛГБТ-люди з інвалідністю (3/3)
Категорія:ЛГБТ-люди за віросповіданням (3/3)
Категорія:ЛГБТ-люди за ґендерною ідентичністю (3/3)
Категорія:ЛГБТ-люди за країною (3/3)
Категорія:ЛГБТ-люди за народністю (3/3)
Категорія:ЛГБТ-люди за періодом (3/3)
Категорія:ЛГБТ-люди за родом діяльності (3/3)
Категорія:Трансгендери (3/3)
Категорія:Поліамори (2/3)
Категорія:Вигадані поліамори (3/3)
Категорія:Незавершені статті про секс (1/3)
Категорія:Незавершені статті про ЛГБТ (2/3)
Категорія:Незавершені статті:Порнографія (2/3)
Категорія:Незавершені статті про порноакторів (3/3)
Категорія:Чоловіки та сексуальність (1/3)
Категорія:Чоловіча бісексуальність (2/3)
Категорія:Бісексуальні чоловіки (3/3)
Категорія:Чоловіча бісексуальність у творах (3/3)
Категорія:Чоловіча гомосексуальність (2/3)
Категорія:Геї (3/3)
Категорія:Гей-культура (3/3)
Категорія:Історія гей-спільноти (3/3)
Категорія:Євнухи (2/3)
Категорія:Чоловіча контрацепція (2/3)
Категорія:ЛГБТ-чоловіки (2/3)
Категорія:Бісексуальні чоловіки (3/3)
Категорія:Геї (3/3)
Категорія:Чоловіча ЛГБТ-культура (3/3)
Категорія:ЛГБТ-чоловіки за країною (3/3)
Категорія:ЛГБТ-чоловіки за родом діяльності (3/3)
Категорія:Трансгендерні чоловіки (3/3)
Категорія:Чоловіча мастурбація (2/3)
Категорія:Чоловіча проституція (2/3)
Категорія:Фільми про чоловічу проституцію (3/3)
Категорія:Чоловічі статеві органи (2/3)
Категорія:Пеніс (3/3)
Категорія:Передміхурова залоза (3/3)
Категорія:Хвороби чоловічих статевих органів (3/3)
Категорія:Чоловіки і фемінізм (2/3)
Категорія:Маскулізм (3/3)
Категорія:Профемінізм (3/3)
Категорія:Жіноча сексуальність (1/3)
Категорія:Бісексуальні жінки (2/3)
Категорія:Бісексуальні жінки за родом діяльності (3/3)
Категорія:Бісексуальні жінки США (3/3)
Категорія:Вигадані бісексуалки (3/3)
Категорія:Жіноча бісексуальність (2/3)
Категорія:Бісексуальні жінки (3/3)
Категорія:Жіноча бісексуальність у мистецтві (3/3)
Категорія:Богині родючості (2/3)
Категорія:Вагіна та вульва в мистецтві (2/3)
Категорія:Жіноча еротика та порнографія (2/3)
Категорія:Лесбійська еротика (3/3)
Категорія:Феміністична порнографія (3/3)
Категорія:Жіноча репродуктивна система (2/3)
Категорія:Вульва (3/3)
Категорія:Груди (3/3)
Категорія:Естрогени (3/3)
Категорія:Клітор (3/3)
Категорія:Матка (3/3)
Категорія:Піхва жінки (3/3)
Категорія:Фізіологія репродуктивної системи жінок (3/3)
Категорія:Яєчники (3/3)
Категорія:Інтимні зачіски (2/3)
Категорія:Клітор (2/3)
Категорія:Лесбійство (2/3)
Категорія:Лесбійки (3/3)
Категорія:Лесбійська культура (3/3)
Категорія:Лесбійський фемінізм (3/3)
Категорія:Фемінізм та сексуальність (2/3)
Категорія:Антипорнографічні рухи (3/3)
Категорія:Лесбійський фемінізм (3/3)
Категорія:Секс-позитивний фемінізм (3/3)
Категорія:Сексуальне насильство (3/3)
Категорія:Безпечний секс (1/3)
Категорія:Контрацепція (2/3)
Категорія:Чайлдфрі (3/3)
Категорія:Гомосексуальність (1/3)
Категорія:Гомофобія (2/3)
Категорія:Відмічені в гомофобії (3/3)
Категорія:Біфобія (3/3)
Категорія:Пам'ятники репресованим геям та лесбійкам (3/3)
Категорія:Гомосексуальність в історії (2/3)
Категорія:Адріан (3/3)
Категорія:Історія гомосексуальності (2/3)
Категорія:Історія гей-спільноти (3/3)
Категорія:Лесбійство (2/3)
Категорія:Лесбійки (3/3)
Категорія:Лесбійська культура (3/3)
Категорія:Лесбійський фемінізм (3/3)
Категорія:Чоловіча гомосексуальність (2/3)
Категорія:Геї (3/3)
Категорія:Гей-культура (3/3)
Категорія:Історія гей-спільноти (3/3)
Категорія:Добровільна або вимушена відмова від сексуальності (1/3)
Категорія:Асексуальність (2/3)
Категорія:Асексуали (3/3)
Категорія:Фіктосексуальність (3/3)
Категорія:Інвалідність і сексуальність (1/3)
Категорія:ЛГБТ-люди з інвалідністю (2/3)
Категорія:ЛГБТ-глухі (3/3)
Категорія:Історія сексуальності (1/3)
WARNING: Http response status 429
WARNING: Non-JSON response received from server wikipedia:uk for url
https://uk.wikipedia.org/w/api.php
The server may be down.
Status code: 429
User agent: IggyPoe/sexuality_portal (wikipedia:uk; User:IggyPoe) Pywikibot/11.7.0 (-1 (unknown)) Python/3.14.4.final.0 requests/2.33.1

The text message is:
You are making too many requests to the API.
Please follow the best practices at .
If you are unsure how to get the access you need, contact .
request-id: 0da869d7-9714-476e-a50a-421e7c7e3c97

Set gcmlimit = ['250']
WARNING: Waiting 5.0 seconds before retrying.
Sleeping for 8.9 seconds, 2026-09-05 21:46:58
Категорія:Історія гомосексуальності (2/3)
Категорія:Історія гей-спільноти (3/3)
Категорія:Євнухи (2/3)
Категорія:Історія проституції (2/3)
Категорія:Проституція в Стародавньому Римі (3/3)
Категорія:Сексуальна революція (2/3)
Категорія:Вільне кохання (3/3)
Категорія:Літературні твори про сексуальну революцію (3/3)
Категорія:Хіпі (3/3)
Категорія:Сексуальність у Стародавньому Римі (2/3)
Категорія:Проституція в Стародавньому Римі (3/3)
Категорія:Книги про секс (1/3)
Категорія:Книги про порнографію (2/3)
Категорія:Порнографічні книги (3/3)
Категорія:Романи про порнографію (3/3)
Категорія:Книги про проституцію (2/3)
Категорія:Романи про проституцію (3/3)
Категорія:Літературні твори про сексуальну революцію (2/3)
Категорія:Одностатева сексуальність (1/3)
Категорія:Бісексуальність (2/3)
Категорія:Бісексуали (3/3)
Категорія:Бісексуальна порнографія (3/3)
Категорія:Бісексуальні жінки (3/3)
Категорія:Біфобія (3/3)
Категорія:Жіноча бісексуальність (3/3)
Категорія:Бісексуальна культура (3/3)
Категорія:Чоловіча бісексуальність (3/3)
Категорія:Гомосексуальність (2/3)
Категорія:Гомофобія (3/3)
Категорія:Гомосексуальність в історії (3/3)
Категорія:Історія гомосексуальності (3/3)
Категорія:Лесбійство (3/3)
Категорія:Чоловіча гомосексуальність (3/3)
Категорія:Порнографія (1/3)
Категорія:Порнографія за країною (2/3)
Категорія:Порноактори за національністю (3/3)
Категорія:Порнографія Індії (3/3)
Категорія:Порнографія Канади (3/3)
Категорія:Порнографія США (3/3)
Категорія:Порнографія Франції (3/3)
Категорія:Японська порнографія (3/3)
Категорія:Незавершені статті:Порнографія (2/3)
Категорія:Незавершені статті про порноакторів (3/3)
Категорія:Антипорнографічний фемінізм (2/3)
Категорія:Антипорнографічні феміністки (3/3)
Категорія:Антипорнографічні рухи (2/3)
Категорія:Антипорнографічний фемінізм (3/3)
Категорія:Еротичні комікси (2/3)
Категорія:Видавництва коміксів для дорослих (3/3)
Категорія:Нагороди порнографії (2/3)
Категорія:Порноактори за нагородою (3/3)
Категорія:AVN Awards (3/3)
Категорія:Hot d'Or (3/3)
Категорія:Twistys Treats (3/3)
Категорія:XBIZ Awards (3/3)
Категорія:Порноактори (2/3)
Категорія:Порноактори за національністю (3/3)
Категорія:Порноактори за нагородою (3/3)
Категорія:Незавершені статті про порноакторів (3/3)
Категорія:Порноакторки (3/3)
Категорія:Актори в гей-порнографічних фільмах (3/3)
Категорія:Актори гей-порно (3/3)
Категорія:Порноактори та порноакторки, відомі під псевдонімами (3/3)
Категорія:Порноактори-самогубці (3/3)
Категорія:Порнографічні студії (2/3)
Категорія:Кіностудії гей-порнографії (3/3)
Категорія:Порнографічні кіностудії США (3/3)
Категорія:Girlsway (3/3)
Категорія:Порнографія за жанром (2/3)
Категорія:Альтернативна порнографія (3/3)
Категорія:Бісексуальна порнографія (3/3)
Категорія:Гомосексуальна порнографія (3/3)
Категорія:Жіноча еротика та порнографія (3/3)
Категорія:ЛГБТК-порнографія (3/3)
Категорія:Лесбійська порнографія (3/3)
Категорія:Трансгендерна порнографія (3/3)
Категорія:Феміністична порнографія (3/3)
Категорія:Хентай (3/3)
Категорія:Порнорежисери (2/3)
Категорія:Порнорежисери США (3/3)
Категорія:Порнографічна термінологія (2/3)
Категорія:Японські секс-терміни (3/3)
Категорія:Порнографічні твори (2/3)
Категорія:Порнографічні книги (3/3)
Категорія:Порнографічна анімація (3/3)
Категорія:Порносайти (3/3)
Категорія:Порнографічні фільми (3/3)
Категорія:Твори про порнографію (2/3)
Категорія:Книги про порнографію (3/3)
Категорія:Телесеріали про порнографію (3/3)
Категорія:Фільми про порнографію (3/3)
Категорія:Фільми про порнографію (2/3)
Категорія:Прапори, що символізують сексуальність (1/3)
Категорія:Прапори ЛГБТ (2/3)
Категорія:Проміскуїтет (1/3)
Категорія:Груповий секс (2/3)
Категорія:Фільми про секс утрьох (3/3)
Категорія:Проституція (2/3)
Категорія:Сутенери (3/3)
Категорія:Повії (3/3)
Категорія:Антипроституційні рухи (3/3)
Категорія:Дитяча проституція (3/3)
Категорія:Законодавство про проституцію (3/3)
Категорія:Історія проституції (3/3)
Категорія:Проституція за країною (3/3)
Категорія:Твори про проституцію (3/3)
Категорія:Чоловіча проституція (3/3)
Категорія:Стосунки заради сексу (2/3)
Категорія:Груповий секс (3/3)
Категорія:Сексуальна залежність (3/3)
Категорія:Секс і суспільство (1/3)
Категорія:Сексуальні ритуали (2/3)
Категорія:Вільне кохання (2/3)
Категорія:Поліаморія (3/3)
Категорія:Стосунки заради сексу (3/3)
Категорія:Фільми про кохання втрьох (3/3)
Категорія:Груповий секс (2/3)
Категорія:Фільми про секс утрьох (3/3)
Категорія:Гендер (2/3)
Категорія:Гендер за країною (3/3)
Категорія:Гендер за місцезнаходженням (3/3)
Категорія:Гендер і суспільство (3/3)
Категорія:Гендерна ідентичність (3/3)
Категорія:Гендерні дослідження (3/3)
Категорія:Гендерні ролі (3/3)
Категорія:Гендерні стереотипи (3/3)
Категорія:Сексуальна етика (2/3)
Категорія:БДСМ (3/3)
Категорія:Зґвалтування (3/3)
Категорія:Зоофілія (3/3)
Категорія:Інтимні стосунки (3/3)
Категорія:Інцест (3/3)
Категорія:Сексуальне насильство (3/3)
Категорія:Подружня зрада (3/3)
Категорія:Порнографія (3/3)
Категорія:Проституція (3/3)
Категорія:Релігія і секс (3/3)
Категорія:Секс і право (3/3)
Категорія:Фемінізм та сексуальність (3/3)
Категорія:Інвалідність і сексуальність (2/3)
Категорія:ЛГБТ-люди з інвалідністю (3/3)
Категорія:Історія сексуальності (2/3)
Категорія:Історія гомосексуальності (3/3)
Категорія:Євнухи (3/3)
Категорія:Історія проституції (3/3)
Категорія:Сексуальна революція (3/3)
Категорія:Сексуальність у Стародавньому Римі (3/3)
Категорія:ЛГБТ (2/3)
Категорія:ЛГБТ за місцезнаходженням (3/3)
Категорія:ЛГБТ-ідентичність (3/3)
Категорія:Персоналії:ЛГБТ (3/3)
Категорія:Незавершені статті про ЛГБТ (3/3)
Категорія:Портал:ЛГБТ (3/3)
Категорія:Шаблони:ЛГБТ (3/3)
Категорія:Дослідження ЛГБТ (3/3)
Категорія:Історія ЛГБТ (3/3)
Категорія:Культура ЛГБТ (3/3)
Категорія:ЛГБТ і суспільство (3/3)
Категорія:ЛГБТ-дати (3/3)
Категорія:ЛГБТ-терміни (3/3)
Категорія:Охорона здоров'я та ЛГБТ-спільнота (3/3)
Категорія:Права ЛГБТ (3/3)
Категорія:Прапори ЛГБТ (3/3)
Категорія:Сексуальне насильство (2/3)
Категорія:Воєнне сексуальне насильство (3/3)
Категорія:Ексгібіціонізм (3/3)
Категорія:Зґвалтування (3/3)
Категорія:Насилля з боку інтимного партнера (3/3)
Категорія:Педофілія (3/3)
Категорія:Репродуктивне насильство (3/3)
Категорія:Сексуальне рабство (3/3)
Категорія:Сексуальні домагання (3/3)
Категорія:Сексуальні скандали (3/3)
Категорія:Побачення (2/3)
Категорія:Атракція (3/3)
Категорія:Релігія і секс (2/3)
Категорія:Божества кохання і хоті (3/3)
Категорія:ЛГБТ і релігія (3/3)
Категорія:Фільми про целібат (3/3)
Категорія:Репродуктивні права (2/3)
Категорія:Аборт (3/3)
Категорія:Безпечний секс (3/3)
Категорія:Контрацепція (3/3)
Категорія:Репродуктивне насильство (3/3)
Категорія:Сексуальна освіта (3/3)
Категорія:Сексуальне насильство (3/3)
Категорія:Секс і право (2/3)
Категорія:Сексуальні злочини (3/3)
Категорія:Законодавство про секс (3/3)
Категорія:Порнографія (3/3)
Категорія:Проституція (3/3)
Категорія:Секс-індустрія (2/3)
Категорія:Вебкам-сайти (3/3)
Категорія:Віртуальний секс (3/3)
Категорія:Еротичний масаж (3/3)
Категорія:Порнографія (3/3)
Категорія:Проституція (3/3)
Категорія:Сексуальні іграшки (3/3)
Категорія:Твори про секс-індустрію (3/3)
Категорія:Сексизм (2/3)
Категорія:Гендерні стереотипи (3/3)
Категорія:Ефект Матильди (3/3)
Категорія:Мізандрія (3/3)
Категорія:Мізогінія (3/3)
Категорія:Позови про дискримінацію за ознакою статі (3/3)
Категорія:Сленгові позначення жінок (3/3)
Категорія:Твори про сексизм (3/3)
Категорія:Фільми, які не проходять тест Бекдел (3/3)
Категорія:Сексуальна орієнтація і суспільство (2/3)
Категорія:Квір (3/3)
Категорія:ЛГБТ-дати (3/3)
Категорія:ЛГБТ-організації (3/3)
Категорія:Рух екс-геїв (3/3)
Категорія:Сексуальна освіта (2/3)
Категорія:Сексуальна революція (2/3)
Категорія:Вільне кохання (3/3)
Категорія:Літературні твори про сексуальну революцію (3/3)
Категорія:Хіпі (3/3)
Категорія:Сексуальне зловживання (2/3)
Категорія:Зґвалтування (3/3)
Категорія:Репродуктивне насильство (3/3)
Категорія:Сексуальне зловживання в армії (3/3)
Категорія:Сексуальне насильство (3/3)
Категорія:Сексуальне рабство (3/3)
Категорія:Сексуальні субкультури (2/3)
Категорія:БДСМ (3/3)
Категорія:Ведмеді (субкультура) (3/3)
Категорія:Жіноча культура (3/3)
Категорія:Культура ЛГБТ (3/3)
Категорія:Чоловіча культура (3/3)
Категорія:Стосунки заради сексу (2/3)
Категорія:Груповий секс (3/3)
Категорія:Сексуальна залежність (3/3)
Категорія:Суперечки навколо сексуальності (2/3)
Категорія:Суперечки, пов'язані з ЛГБТ (3/3)
Категорія:Сексуальна вірність (1/3)
Категорія:Подружня зрада (2/3)
Категорія:Сексуальна орієнтація (1/3)
Категорія:Асексуальність (2/3)
Категорія:Асексуали (3/3)
Категорія:Фіктосексуальність (3/3)
Категорія:Бісексуальність (2/3)
Категорія:Бісексуали (3/3)
Категорія:Бісексуальна порнографія (3/3)
Категорія:Бісексуальні жінки (3/3)
Категорія:Біфобія (3/3)
Категорія:Жіноча бісексуальність (3/3)
Категорія:Бісексуальна культура (3/3)
Категорія:Чоловіча бісексуальність (3/3)
Категорія:Гомосексуальність (2/3)
Категорія:Гомофобія (3/3)
Категорія:Гомосексуальність в історії (3/3)
Категорія:Історія гомосексуальності (3/3)
Категорія:Лесбійство (3/3)
Категорія:Чоловіча гомосексуальність (3/3)
Категорія:Історичні постаті з неоднозначною або спірною сексуальною орієнтацією (2/3)
Категорія:ЛГБТ-люди за сексуальною орієнтацією (2/3)
Категорія:Асексуали (3/3)
Категорія:Бісексуали (3/3)
Категорія:Лесбійки (3/3)
Категорія:Пансексуальні люди (3/3)
Категорія:Прапори, що символізують сексуальність (2/3)
Категорія:Прапори ЛГБТ (3/3)
Категорія:Сексуальна орієнтація і суспільство (2/3)
Категорія:Квір (3/3)
Категорія:ЛГБТ-дати (3/3)
Категорія:ЛГБТ-організації (3/3)
Категорія:Рух екс-геїв (3/3)
Категорія:Сексуальна орієнтація та наука (2/3)
Категорія:ЛГБТ-науковці (3/3)
Категорія:Сексуальні ролі (2/3)
Категорія:Фіктосексуальність (2/3)
Категорія:Сексуальні уподобання (1/3)
Категорія:Сексуальний фетишизм (2/3)
Категорія:Сексуальні девіації (2/3)
Категорія:Ексгібіціонізм (3/3)
Категорія:Зоофілія (3/3)
Категорія:Інцест (3/3)
Категорія:Некрофілія (3/3)
Категорія:Педофілія (3/3)
Категорія:Садомазохізм (3/3)
Категорія:Сексуальний фетишизм (3/3)
Категорія:Фільми про сексуальні девіації (3/3)
WARNING: Http response status 429
WARNING: Non-JSON response received from server wikipedia:uk for url
https://uk.wikipedia.org/w/api.php
The server may be down.
Status code: 429
User agent: IggyPoe/sexuality_portal (wikipedia:uk; User:IggyPoe) Pywikibot/11.7.0 (-1 (unknown)) Python/3.14.4.final.0 requests/2.33.1

The text message is:
You are making too many requests to the API.
Please follow the best practices at .
If you are unsure how to get the access you need, contact .
request-id: a0a2e251-db7a-49da-a14a-9710ed11bcc9

Set gcmlimit = ['250']
WARNING: Waiting 5.0 seconds before retrying.
Sleeping for 10.9 seconds, 2026-09-05 21:48:57
Категорія:Фетишизм (2/3)
Категорія:Альтернативна порнографія (3/3)
Категорія:БДСМ (3/3)
Категорія:Сексуальний фетишизм (3/3)
Категорія:Сексуальність у популярній культурі (1/3)
Категорія:Сексуальний сленг (2/3)
Категорія:БДСМ термінологія (3/3)
Категорія:ЛГБТ-сленг (3/3)
Категорія:Порнографічна термінологія (3/3)
Категорія:Сексуальність у творах (2/3)
Категорія:Вигадані персонажі за сексуальністю (3/3)
Категорія:Зґвалтування у творах (3/3)
Категорія:Секс та еротика у фантастиці (3/3)
Категорія:Сексуальність у мистецтві (3/3)
Категорія:Телесеріали про сексуальність (3/3)
Категорія:Фільми про сексуальність (3/3)
Категорія:Сексуальність у Японії (1/3)
Категорія:Хентай (2/3)
Категорія:Ероґе (3/3)
Категорія:Лолікон (3/3)
Категорія:Сьотакон (3/3)
Категорія:Хентай аніме та манґа (3/3)
Категорія:Японські секс-терміни (2/3)
Категорія:Сьотакон (3/3)
Категорія:Сукуби та інкуби (1/3)
Категорія:Інкуби (2/3)
Категорія:Мерлін (3/3)
Категорія:Сукуби (2/3)
Категорія:Ламія (3/3)
Категорія:Ліліт (3/3)
Категорія:Твори про секс (1/3)
Категорія:Книги про секс (2/3)
Категорія:Книги про порнографію (3/3)
Категорія:Книги про проституцію (3/3)
Категорія:Літературні твори про сексуальну революцію (3/3)
Категорія:Твори про секс-індустрію (2/3)
Категорія:Твори про порнографію (3/3)
Категорія:Твори про проституцію (3/3)
Категорія:Вигадані сексуальні робітники (3/3)
Категорія:Твори про сексизм (2/3)
Категорія:Фільми про сексизм (3/3)
Категорія:Твори про сексуальні злочини (2/3)
Категорія:Твори про зґвалтування (3/3)
Категорія:Фільми про сексуальні злочини (3/3)
Категорія:Фільми про сексуальність (2/3)
Категорія:Фільми про сексуальні девіації (3/3)
Категорія:Документальні фільми про секс (3/3)
Категорія:Фільми про домінування та покору (3/3)
Категорія:Еротичні комедії (3/3)
Категорія:Еротичні фільми (3/3)
Категорія:Фільми про сексуальну залежність (3/3)
Категорія:Фільми про сексуальні злочини (3/3)
Категорія:ЛГБТ-фільми (3/3)
Категорія:Фільми про підліткову сексуальність (3/3)
Категорія:Фільми з подружньою зрадою (3/3)
Категорія:Фільми про порнографію (3/3)
Категорія:Фільми про проституцію (3/3)
Категорія:Свінгери (серія фільмів) (3/3)
Категорія:Фільми про секс утрьох (3/3)
Категорія:Сексплуатаційні фільми (3/3)
Категорія:Фільми про стриптиз (3/3)
Категорія:Фільми про целібат (3/3)
Категорія:Філософія сексуальності (1/3)
Категорія:Сексуальна етика (2/3)
Категорія:БДСМ (3/3)
Категорія:Зґвалтування (3/3)
Категорія:Зоофілія (3/3)
Категорія:Інтимні стосунки (3/3)
Категорія:Інцест (3/3)
Категорія:Сексуальне насильство (3/3)
Категорія:Подружня зрада (3/3)
Категорія:Порнографія (3/3)
Категорія:Проституція (3/3)
Категорія:Релігія і секс (3/3)
Категорія:Секс і право (3/3)
Категорія:Фемінізм та сексуальність (3/3)
Категорія:Сексологія (0/3)
Категорія:Венерологія (1/3)
Категорія:Венерологи (2/3)
Категорія:Венерологи за століттям (3/3)
Категорія:Венерологи за країною (3/3)
Категорія:Хвороби, які передаються статевим шляхом (2/3)
Категорія:Венеричні захворювання (3/3)
Категорія:Зіка (3/3)
Категорія:Сексуальні емоції (1/3)
Категорія:Еротика (2/3)
Категорія:Анальний еротизм (3/3)
Категорія:Еротична література (3/3)
Категорія:Еротичне мистецтво (3/3)
Категорія:Еротичні аніме та манґа (3/3)
Категорія:Еротичні відеоігри (3/3)
Категорія:Еротичні телесеріали України (3/3)
Категорія:Жіноча еротика та порнографія (3/3)
Категорія:Еротичні комікси (3/3)
Категорія:ЛГБТК-еротика (3/3)
Категорія:Музеї еротики (3/3)
Категорія:Незавершені статті про еротику (3/3)
Категорія:Порнографія (3/3)
Категорія:Еротичні танці (3/3)
Категорія:Еротичні твори (3/3)
Категорія:Статеве збудження (2/3)
Категорія:Одностатева сексуальність (1/3)
Категорія:Бісексуальність (2/3)
Категорія:Бісексуали (3/3)
Категорія:Бісексуальна порнографія (3/3)
Категорія:Бісексуальні жінки (3/3)
Категорія:Біфобія (3/3)
Категорія:Жіноча бісексуальність (3/3)
Категорія:Бісексуальна культура (3/3)
Категорія:Чоловіча бісексуальність (3/3)
Категорія:Гомосексуальність (2/3)
Категорія:Гомофобія (3/3)
Категорія:Гомосексуальність в історії (3/3)
Категорія:Історія гомосексуальності (3/3)
Категорія:Лесбійство (3/3)
Категорія:Чоловіча гомосексуальність (3/3)
Категорія:Полігамія (1/3)
Категорія:Гарем (2/3)
Категорія:Дружини османських султанів (3/3)
Категорія:Гарем (жанр) (3/3)
Категорія:Поліаморія (2/3)
Категорія:Поліамори (3/3)
Категорія:Полігамія (3/3)
Категорія:Сексологи (1/3)
Категорія:Жінки-сексологи (2/3)
Категорія:Сексологи за країною (2/3)
Категорія:Австрійські сексологи (3/3)
Категорія:Німецькі сексологи (3/3)
Категорія:Польські сексологи (3/3)
Категорія:Російські сексологи (3/3)
Категорія:Сексологи СРСР (3/3)
Категорія:Сексологи США (3/3)
Категорія:Сексуальна орієнтація та наука (1/3)
Категорія:ЛГБТ-науковці (2/3)
Категорія:Вчені-лесбійки (3/3)
Категорія:ЛГБТ-антропологи (3/3)
Категорія:ЛГБТ-науковці США (3/3)
Категорія:Трансгендерні науковці (3/3)
Категорія:Сексуальні девіації (1/3)
Категорія:Ексгібіціонізм (2/3)
Категорія:Зоофілія (2/3)
Категорія:Фільми про зоофілію (3/3)
Категорія:Інцест (2/3)
Категорія:Фільми про інцест (3/3)
Категорія:Некрофілія (2/3)
Категорія:Некрофіли (3/3)
Категорія:Некрофілія у творах (3/3)
Категорія:Педофілія (2/3)
Категорія:Педофіли (3/3)
Категорія:Дитяча проституція (3/3)
Категорія:Лолікон (3/3)
Категорія:Передчасний пубертат та вагітність (3/3)
Категорія:Фільми про педофілію (3/3)
Категорія:Садомазохізм (2/3)
Категорія:Сексуальний фетишизм (2/3)
Категорія:Фільми про сексуальні девіації (2/3)
Категорія:БДСМ у фільмах (3/3)
Категорія:Фільми про вуаєризм (3/3)
Категорія:Фільми про зоофілію (3/3)
Категорія:Фільми про педофілію (3/3)
Категорія:Спаровування (1/3)
Категорія:Системи спаровування (2/3)
Категорія:Вільне кохання (3/3)
Категорія:Шлюб, союзи та партнерства (2/3)
Категорія:Насилля з боку інтимного партнера (3/3)
Категорія:Шлюб (3/3)
Категорія:Шлюби, союзи та партнерства за країнами (3/3)
Категорія:Статеве збудження (1/3)
Категорія:Еротика (0/3)
Категорія:Анальний еротизм (1/3)
Категорія:Анальний секс (2/3)
Категорія:Еротична література (1/3)
Категорія:Автори еротичної прози (2/3)
Категорія:Автори еротичної прози за країною (3/3)
Категорія:Еротичні видання (2/3)
Категорія:Penthouse (3/3)
Категорія:Playboy (3/3)
Категорія:Камасутра (2/3)
Категорія:Порнографічні книги (2/3)
Категорія:Порнографічні романи (3/3)
Категорія:Еротичні романи (2/3)
Категорія:Еротичні романи за країною (3/3)
Категорія:Еротичні графічні романи (3/3)
Категорія:Лоліта (3/3)
Категорія:Порнографічні романи (3/3)
Категорія:Еротичні твори (2/3)
Категорія:Еротичні графічні романи (3/3)
Категорія:Еротичні комікси (3/3)
Категорія:Літературні твори про сексуальну революцію (3/3)
Категорія:Слеш (жанр) (3/3)
Категорія:Еротичні фільми (3/3)
Категорія:Еротичне мистецтво (1/3)
Категорія:Еротичні аніме та манґа (1/3)
Категорія:Еротичні відеоігри (1/3)
Категорія:Ероґе (2/3)
Категорія:Days (3/3)
Категорія:Еротичні відеоігри для Atari 2600 (2/3)
Категорія:Еротичні телесеріали України (1/3)
Категорія:Жіноча еротика та порнографія (1/3)
Категорія:Лесбійська еротика (2/3)
Категорія:Юрі (3/3)
Категорія:Феміністична порнографія (2/3)
Категорія:Еротичні комікси (1/3)
Категорія:Видавництва коміксів для дорослих (2/3)
Категорія:Dynamite Entertainment (3/3)
Категорія:Warren Publishing (3/3)
Категорія:ЛГБТК-еротика (1/3)
Категорія:Еротика геїв (2/3)
Категорія:Гомосексуальна порнографія (3/3)
Категорія:Лесбійська еротика (2/3)
Категорія:Юрі (3/3)
Категорія:ЛГБТК-порнографія (2/3)
Категорія:Бісексуальна порнографія (3/3)
Категорія:Гомосексуальна порнографія (3/3)
Категорія:Трансгендерна порнографія (3/3)
Категорія:Музеї еротики (1/3)
Категорія:Незавершені статті про еротику (1/3)
Категорія:Порнографія (1/3)
Категорія:Порнографія за країною (2/3)
Категорія:Порноактори за національністю (3/3)
Категорія:Порнографія Індії (3/3)
Категорія:Порнографія Канади (3/3)
Категорія:Порнографія США (3/3)
Категорія:Порнографія Франції (3/3)
Категорія:Японська порнографія (3/3)
Категорія:Незавершені статті:Порнографія (2/3)
Категорія:Незавершені статті про порноакторів (3/3)
Категорія:Антипорнографічний фемінізм (2/3)
Категорія:Антипорнографічні феміністки (3/3)
Категорія:Антипорнографічні рухи (2/3)
Категорія:Антипорнографічний фемінізм (3/3)
Категорія:Еротичні комікси (2/3)
Категорія:Видавництва коміксів для дорослих (3/3)
Категорія:Нагороди порнографії (2/3)
Категорія:Порноактори за нагородою (3/3)
Категорія:AVN Awards (3/3)
Категорія:Hot d'Or (3/3)
Категорія:Twistys Treats (3/3)
Категорія:XBIZ Awards (3/3)
Категорія:Порноактори (2/3)
Категорія:Порноактори за національністю (3/3)
Категорія:Порноактори за нагородою (3/3)
Категорія:Незавершені статті про порноакторів (3/3)
Категорія:Порноакторки (3/3)
Категорія:Актори в гей-порнографічних фільмах (3/3)
Категорія:Актори гей-порно (3/3)
Категорія:Порноактори та порноакторки, відомі під псевдонімами (3/3)
Категорія:Порноактори-самогубці (3/3)
Категорія:Порнографічні студії (2/3)
Категорія:Кіностудії гей-порнографії (3/3)
Категорія:Порнографічні кіностудії США (3/3)
Категорія:Girlsway (3/3)
Категорія:Порнографія за жанром (2/3)
Категорія:Альтернативна порнографія (3/3)
Категорія:Бісексуальна порнографія (3/3)
Категорія:Гомосексуальна порнографія (3/3)
Категорія:Жіноча еротика та порнографія (3/3)
Категорія:ЛГБТК-порнографія (3/3)
Категорія:Лесбійська порнографія (3/3)
Категорія:Трансгендерна порнографія (3/3)
Категорія:Феміністична порнографія (3/3)
Категорія:Хентай (3/3)
Категорія:Порнорежисери (2/3)
Категорія:Порнорежисери США (3/3)
Категорія:Порнографічна термінологія (2/3)
Категорія:Японські секс-терміни (3/3)
Категорія:Порнографічні твори (2/3)
Категорія:Порнографічні книги (3/3)
Категорія:Порнографічна анімація (3/3)
Категорія:Порносайти (3/3)
Категорія:Порнографічні фільми (3/3)
Категорія:Твори про порнографію (2/3)
Категорія:Книги про порнографію (3/3)
Категорія:Телесеріали про порнографію (3/3)
Категорія:Фільми про порнографію (3/3)
Категорія:Фільми про порнографію (2/3)
Категорія:Еротичні танці (1/3)
Категорія:Стриптиз (2/3)
Категорія:Стриптизерки (3/3)
Категорія:Фільми про стриптиз (3/3)
Категорія:Еротичні твори (1/3)
Категорія:Еротичні графічні романи (2/3)
Категорія:Еротичні комікси (2/3)
Категорія:Видавництва коміксів для дорослих (3/3)
Категорія:Літературні твори про сексуальну революцію (2/3)
Категорія:Слеш (жанр) (2/3)
Категорія:Еротичні фільми (2/3)
Категорія:Еротичні фільми за країною (3/3)
Категорія:Еротичні драми (3/3)
Категорія:Еротичні телесеріали (3/3)
Категорія:Еротичні комедії (3/3)
Категорія:Еротичні мелодрами (3/3)
Категорія:Сексплуатаційні фільми (3/3)
Категорія:Серії еротичних фільмів (3/3)
Категорія:Еротичні трилери (3/3)
Категорія:Порнографія (0/3)
WARNING: Http response status 429
WARNING: Non-JSON response received from server wikipedia:uk for url
https://uk.wikipedia.org/w/api.php
The server may be down.
Status code: 429
User agent: IggyPoe/sexuality_portal (wikipedia:uk; User:IggyPoe) Pywikibot/11.7.0 (-1 (unknown)) Python/3.14.4.final.0 requests/2.33.1

The text message is:
You are making too many requests to the API.
Please follow the best practices at .
If you are unsure how to get the access you need, contact .
request-id: ca82855e-68c4-42c7-8fa3-a169630a6745

Set gcmlimit = ['250']
WARNING: Waiting 5.0 seconds before retrying.
Sleeping for 8.9 seconds, 2026-09-05 21:50:58
Категорія:Порнографія за країною (1/3)
Категорія:Порноактори за національністю (2/3)
Категорія:Порноакторки за країною (3/3)
Категорія:Американські порноактори (3/3)
Категорія:Канадські порноактори (3/3)
Категорія:Українські порноактори (3/3)
Категорія:Порнографія Індії (2/3)
Категорія:Порнографія Канади (2/3)
Категорія:Порнографія США (2/3)
Категорія:Американські порноакторки (3/3)
Категорія:Американські сайти еротики та порнографії (3/3)
Категорія:Гомосексуальна порнографія у США (3/3)
Категорія:Порнографічні кіностудії США (3/3)
Категорія:Порнографічні фільми США (3/3)
Категорія:AVN Awards (3/3)
Категорія:Girlsway (3/3)
Категорія:XBIZ Awards (3/3)
Категорія:Порнографія Франції (2/3)
Категорія:Hot d'Or (3/3)
Категорія:Японська порнографія (2/3)
Категорія:Хентай (3/3)
Категорія:Японські секс-терміни (3/3)
Категорія:Незавершені статті:Порнографія (1/3)
Категорія:Незавершені статті про порноакторів (2/3)
Категорія:Антипорнографічний фемінізм (1/3)
Категорія:Антипорнографічні феміністки (2/3)
Категорія:Антипорнографічні рухи (1/3)
Категорія:Антипорнографічний фемінізм (2/3)
Категорія:Антипорнографічні феміністки (3/3)
Категорія:Еротичні комікси (1/3)
Категорія:Видавництва коміксів для дорослих (2/3)
Категорія:Dynamite Entertainment (3/3)
Категорія:Warren Publishing (3/3)
Категорія:Нагороди порнографії (1/3)
Категорія:Порноактори за нагородою (2/3)
Категорія:Лауреати AVN Award (3/3)
Категорія:Лауреати Erotic Lounge Award (3/3)
Категорія:Лауреати Erotixxx Award (3/3)
Категорія:Лауреати XBIZ Award (3/3)
Категорія:Лауреати XBIZ Europa Awards (3/3)
Категорія:AVN Awards (2/3)
Категорія:Лауреати AVN Award (3/3)
Категорія:Hot d'Or (2/3)
Категорія:Twistys Treats (2/3)
Категорія:XBIZ Awards (2/3)
Категорія:Лауреати XBIZ Award (3/3)
Категорія:Порноактори (1/3)
Категорія:Порноактори за національністю (2/3)
Категорія:Порноакторки за країною (3/3)
Категорія:Американські порноактори (3/3)
Категорія:Канадські порноактори (3/3)
Категорія:Українські порноактори (3/3)
Категорія:Порноактори за нагородою (2/3)
Категорія:Лауреати AVN Award (3/3)
Категорія:Лауреати Erotic Lounge Award (3/3)
Категорія:Лауреати Erotixxx Award (3/3)
Категорія:Лауреати XBIZ Award (3/3)
Категорія:Лауреати XBIZ Europa Awards (3/3)
Категорія:Незавершені статті про порноакторів (2/3)
Категорія:Порноакторки (2/3)
Категорія:Порноакторки за алфавітом (3/3)
Категорія:Порноакторки за країною (3/3)
Категорія:Незавершені статті про порноакторів (3/3)
Категорія:Порноактори та порноакторки, відомі під псевдонімами (3/3)
Категорія:Трансгендерні порноакторки (3/3)
Категорія:Girlsway (3/3)
Категорія:Twistys Treats (3/3)
Категорія:Актори в гей-порнографічних фільмах (2/3)
Категорія:Американські актори в гей-порнографічних фільмах (3/3)
Категорія:Канадські актори в гей-порнографічних фільмах (3/3)
Категорія:Актори гей-порно (2/3)
Категорія:Порноактори та порноакторки, відомі під псевдонімами (2/3)
Категорія:Порноактори-самогубці (2/3)
Категорія:Порнографічні студії (1/3)
Категорія:Кіностудії гей-порнографії (2/3)
Категорія:Американські студії гей-порнографії (3/3)
Категорія:Порнографічні кіностудії США (2/3)
Категорія:Американські студії гей-порнографії (3/3)
Категорія:Girlsway (2/3)
Категорія:Порнографія за жанром (1/3)
Категорія:Альтернативна порнографія (2/3)
Категорія:Бісексуальна порнографія (2/3)
Категорія:Гомосексуальна порнографія (2/3)
Категорія:Актори в гей-порнографічних фільмах (3/3)
Категорія:Актори гей-порно (3/3)
Категорія:Гей-порнографічні сайти (3/3)
Категорія:Кіностудії гей-порнографії (3/3)
Категорія:Гомосексуальна порнографія у США (3/3)
Категорія:Жіноча еротика та порнографія (2/3)
Категорія:Лесбійська еротика (3/3)
Категорія:Феміністична порнографія (3/3)
Категорія:ЛГБТК-порнографія (2/3)
Категорія:Бісексуальна порнографія (3/3)
Категорія:Гомосексуальна порнографія (3/3)
Категорія:Трансгендерна порнографія (3/3)
Категорія:Лесбійська порнографія (2/3)
Категорія:Girlsway (3/3)
Категорія:Трансгендерна порнографія (2/3)
Категорія:Трансгендерні порноакторки (3/3)
Категорія:Феміністична порнографія (2/3)
Категорія:Хентай (2/3)
Категорія:Ероґе (3/3)
Категорія:Лолікон (3/3)
Категорія:Сьотакон (3/3)
Категорія:Хентай аніме та манґа (3/3)
Категорія:Порнорежисери (1/3)
Категорія:Порнорежисери США (2/3)
Категорія:Порнографічна термінологія (1/3)
Категорія:Японські секс-терміни (2/3)
Категорія:Сьотакон (3/3)
Категорія:Порнографічні твори (1/3)
Категорія:Порнографічні книги (2/3)
Категорія:Порнографічні романи (3/3)
Категорія:Порнографічна анімація (2/3)
Категорія:Хентай (3/3)
Категорія:Порносайти (2/3)
Категорія:Американські сайти еротики та порнографії (3/3)
Категорія:Вебкам-сайти (3/3)
Категорія:Гей-порнографічні сайти (3/3)
Категорія:Порнографічні фільми (2/3)
Категорія:Порнографічні фільми за країною (3/3)
Категорія:Серії порнографічних фільмів (3/3)
Категорія:Твори про порнографію (1/3)
Категорія:Книги про порнографію (2/3)
Категорія:Порнографічні книги (3/3)
Категорія:Романи про порнографію (3/3)
Категорія:Телесеріали про порнографію (2/3)
Категорія:Фільми про порнографію (2/3)
Категорія:Фільми про порнографію (1/3)
Категорія:Сексуальна орієнтація (0/3)
Категорія:Асексуальність (1/3)
Категорія:Асексуали (2/3)
Категорія:Вигадані асексуали (3/3)
Категорія:Фіктосексуальність (2/3)
Категорія:Бісексуальність (1/3)
Категорія:Бісексуали (2/3)
Категорія:Бісексуальні жінки (3/3)
Категорія:Бісексуали за віросповіданням (3/3)
Категорія:Бісексуали за країною (3/3)
Категорія:Бісексуали за родом діяльності (3/3)
Категорія:Бісексуальні чоловіки (3/3)
Категорія:Вигадані бісексуальні персонажі (3/3)
Категорія:Бісексуальна порнографія (2/3)
Категорія:Бісексуальні жінки (2/3)
Категорія:Бісексуальні жінки за родом діяльності (3/3)
Категорія:Бісексуальні жінки США (3/3)
Категорія:Вигадані бісексуалки (3/3)
Категорія:Біфобія (2/3)
Категорія:Жіноча бісексуальність (2/3)
Категорія:Бісексуальні жінки (3/3)
Категорія:Жіноча бісексуальність у мистецтві (3/3)
Категорія:Бісексуальна культура (2/3)
Категорія:Бісексуальні заходи (3/3)
Категорія:Книги на тематику бісексуальності (3/3)
Категорія:Телесеріали бісексуальної тематики (3/3)
Категорія:Фільми на тематику бісексуальності (3/3)
Категорія:Чоловіча бісексуальність (2/3)
Категорія:Бісексуальні чоловіки (3/3)
Категорія:Чоловіча бісексуальність у творах (3/3)
Категорія:Гомосексуальність (1/3)
Категорія:Гомофобія (2/3)
Категорія:Відмічені в гомофобії (3/3)
Категорія:Біфобія (3/3)
Категорія:Пам'ятники репресованим геям та лесбійкам (3/3)
Категорія:Гомосексуальність в історії (2/3)
Категорія:Адріан (3/3)
Категорія:Історія гомосексуальності (2/3)
Категорія:Історія гей-спільноти (3/3)
Категорія:Лесбійство (2/3)
Категорія:Лесбійки (3/3)
Категорія:Лесбійська культура (3/3)
Категорія:Лесбійський фемінізм (3/3)
Категорія:Чоловіча гомосексуальність (2/3)
Категорія:Геї (3/3)
Категорія:Гей-культура (3/3)
Категорія:Історія гей-спільноти (3/3)
Категорія:Історичні постаті з неоднозначною або спірною сексуальною орієнтацією (1/3)
Категорія:ЛГБТ-люди за сексуальною орієнтацією (1/3)
Категорія:Асексуали (2/3)
Категорія:Вигадані асексуали (3/3)
Категорія:Бісексуали (2/3)
Категорія:Бісексуальні жінки (3/3)
Категорія:Бісексуали за віросповіданням (3/3)
Категорія:Бісексуали за країною (3/3)
Категорія:Бісексуали за родом діяльності (3/3)
Категорія:Бісексуальні чоловіки (3/3)
Категорія:Вигадані бісексуальні персонажі (3/3)
Категорія:Лесбійки (2/3)
Категорія:Лесбійки за фахом (3/3)
Категорія:Вигадані лесбійки (3/3)
Категорія:Лесбійки за країною (3/3)
Категорія:Феміністки-лесбійки (3/3)
Категорія:Пансексуальні люди (2/3)
Категорія:Пансексуальні актори (3/3)
Категорія:Вигадані пансексуали (3/3)
Категорія:Пансексуалки (3/3)
Категорія:Прапори, що символізують сексуальність (1/3)
Категорія:Прапори ЛГБТ (2/3)
Категорія:Сексуальна орієнтація і суспільство (1/3)
Категорія:Квір (2/3)
Категорія:Квір-теорія (3/3)
Категорія:Небінарний гендер (3/3)
Категорія:ЛГБТ-дати (2/3)
Категорія:Періоди обізнаності про ЛГБТК (3/3)
Категорія:ЛГБТ-організації (2/3)
Категорія:ЛГБТ-організації Росії (3/3)
Категорія:ЛГБТ-організації України (3/3)
Категорія:Міжнародні ЛГБТ-організації (3/3)
Категорія:Професійні об'єднання ЛГБТ (3/3)
Категорія:Спортивні ЛГБТ-організації (3/3)
Категорія:ЛГБТ-організації США (3/3)
Категорія:Трансгендерні організації (3/3)
Категорія:Рух екс-геїв (2/3)
Категорія:Сексуальна орієнтація та наука (1/3)
Категорія:ЛГБТ-науковці (2/3)
Категорія:Вчені-лесбійки (3/3)
Категорія:ЛГБТ-антропологи (3/3)
Категорія:ЛГБТ-науковці США (3/3)
Категорія:Трансгендерні науковці (3/3)
Категорія:Сексуальні ролі (1/3)
Категорія:Фіктосексуальність (1/3)
Категорія:Сексуальні практики (0/3)
Категорія:Мастурбація (1/3)
Категорія:Віртуальний секс (2/3)
Категорія:Сексуальні іграшки (2/3)
Категорія:Чоловіча мастурбація (2/3)
Категорія:Секс без проникнення (1/3)
Категорія:Віртуальний секс (2/3)
Категорія:Анальний секс (1/3)
Категорія:Оральний секс (1/3)
Категорія:Мінет (2/3)
Категорія:БДСМ (1/3)
Категорія:Історія О (2/3)
Категорія:Твори, засновані на Історії О (3/3)
Категорія:Садомазохізм (2/3)
Категорія:БДСМ термінологія (2/3)
Категорія:БДСМ у фільмах (2/3)
Категорія:Фільми про домінування та покору (3/3)
Категорія:Фільми про садизм (3/3)
Категорія:Віртуальний секс (1/3)
Категорія:Груповий секс (1/3)
Категорія:Фільми про секс утрьох (2/3)
Категорія:Секс і суспільство (1/3)
Категорія:Сексуальні ритуали (2/3)
Категорія:Вільне кохання (2/3)
Категорія:Поліаморія (3/3)
Категорія:Стосунки заради сексу (3/3)
Категорія:Фільми про кохання втрьох (3/3)
Категорія:Груповий секс (2/3)
Категорія:Фільми про секс утрьох (3/3)
Категорія:Гендер (2/3)
Категорія:Гендер за країною (3/3)
Категорія:Гендер за місцезнаходженням (3/3)
Категорія:Гендер і суспільство (3/3)
Категорія:Гендерна ідентичність (3/3)
Категорія:Гендерні дослідження (3/3)
Категорія:Гендерні ролі (3/3)
Категорія:Гендерні стереотипи (3/3)
Категорія:Сексуальна етика (2/3)
Категорія:БДСМ (3/3)
Категорія:Зґвалтування (3/3)
Категорія:Зоофілія (3/3)
Категорія:Інтимні стосунки (3/3)
Категорія:Інцест (3/3)
Категорія:Сексуальне насильство (3/3)
Категорія:Подружня зрада (3/3)
Категорія:Порнографія (3/3)
Категорія:Проституція (3/3)
Категорія:Релігія і секс (3/3)
Категорія:Секс і право (3/3)
Категорія:Фемінізм та сексуальність (3/3)
Категорія:Інвалідність і сексуальність (2/3)
Категорія:ЛГБТ-люди з інвалідністю (3/3)
Категорія:Історія сексуальності (2/3)
Категорія:Історія гомосексуальності (3/3)
Категорія:Євнухи (3/3)
Категорія:Історія проституції (3/3)
Категорія:Сексуальна революція (3/3)
Категорія:Сексуальність у Стародавньому Римі (3/3)
Категорія:ЛГБТ (2/3)
Категорія:ЛГБТ за місцезнаходженням (3/3)
Категорія:ЛГБТ-ідентичність (3/3)
Категорія:Персоналії:ЛГБТ (3/3)
Категорія:Незавершені статті про ЛГБТ (3/3)
Категорія:Портал:ЛГБТ (3/3)
Категорія:Шаблони:ЛГБТ (3/3)
Категорія:Дослідження ЛГБТ (3/3)
Категорія:Історія ЛГБТ (3/3)
Категорія:Культура ЛГБТ (3/3)
Категорія:ЛГБТ і суспільство (3/3)
Категорія:ЛГБТ-дати (3/3)
Категорія:ЛГБТ-терміни (3/3)
Категорія:Охорона здоров'я та ЛГБТ-спільнота (3/3)
Категорія:Права ЛГБТ (3/3)
Категорія:Прапори ЛГБТ (3/3)
Категорія:Сексуальне насильство (2/3)
Категорія:Воєнне сексуальне насильство (3/3)
Категорія:Ексгібіціонізм (3/3)
Категорія:Зґвалтування (3/3)
Категорія:Насилля з боку інтимного партнера (3/3)
Категорія:Педофілія (3/3)
Категорія:Репродуктивне насильство (3/3)
Категорія:Сексуальне рабство (3/3)
WARNING: Http response status 429
WARNING: Non-JSON response received from server wikipedia:uk for url
https://uk.wikipedia.org/w/api.php
The server may be down.
Status code: 429
User agent: IggyPoe/sexuality_portal (wikipedia:uk; User:IggyPoe) Pywikibot/11.7.0 (-1 (unknown)) Python/3.14.4.final.0 requests/2.33.1

The text message is:
You are making too many requests to the API.
Please follow the best practices at .
If you are unsure how to get the access you need, contact .
request-id: 59ecdacb-f78d-4349-852e-c5b42f4e85b2

Set gcmlimit = ['250']
WARNING: Waiting 5.0 seconds before retrying.
Sleeping for 4.9 seconds, 2026-09-05 21:53:00
Категорія:Сексуальні домагання (3/3)
Категорія:Сексуальні скандали (3/3)
Категорія:Побачення (2/3)
Категорія:Атракція (3/3)
Категорія:Релігія і секс (2/3)
Категорія:Божества кохання і хоті (3/3)
Категорія:ЛГБТ і релігія (3/3)
Категорія:Фільми про целібат (3/3)
Категорія:Репродуктивні права (2/3)
Категорія:Аборт (3/3)
Категорія:Безпечний секс (3/3)
Категорія:Контрацепція (3/3)
Категорія:Репродуктивне насильство (3/3)
Категорія:Сексуальна освіта (3/3)
Категорія:Сексуальне насильство (3/3)
Категорія:Секс і право (2/3)
Категорія:Сексуальні злочини (3/3)
Категорія:Законодавство про секс (3/3)
Категорія:Порнографія (3/3)
Категорія:Проституція (3/3)
Категорія:Секс-індустрія (2/3)
Категорія:Вебкам-сайти (3/3)
Категорія:Віртуальний секс (3/3)
Категорія:Еротичний масаж (3/3)
Категорія:Порнографія (3/3)
Категорія:Проституція (3/3)
Категорія:Сексуальні іграшки (3/3)
Категорія:Твори про секс-індустрію (3/3)
Категорія:Сексизм (2/3)
Категорія:Гендерні стереотипи (3/3)
Категорія:Ефект Матильди (3/3)
Категорія:Мізандрія (3/3)
Категорія:Мізогінія (3/3)
Категорія:Позови про дискримінацію за ознакою статі (3/3)
Категорія:Сленгові позначення жінок (3/3)
Категорія:Твори про сексизм (3/3)
Категорія:Фільми, які не проходять тест Бекдел (3/3)
Категорія:Сексуальна орієнтація і суспільство (2/3)
Категорія:Квір (3/3)
Категорія:ЛГБТ-дати (3/3)
Категорія:ЛГБТ-організації (3/3)
Категорія:Рух екс-геїв (3/3)
Категорія:Сексуальна освіта (2/3)
Категорія:Сексуальна революція (2/3)
Категорія:Вільне кохання (3/3)
Категорія:Літературні твори про сексуальну революцію (3/3)
Категорія:Хіпі (3/3)
Категорія:Сексуальне зловживання (2/3)
Категорія:Зґвалтування (3/3)
Категорія:Репродуктивне насильство (3/3)
Категорія:Сексуальне зловживання в армії (3/3)
Категорія:Сексуальне насильство (3/3)
Категорія:Сексуальне рабство (3/3)
Категорія:Сексуальні субкультури (2/3)
Категорія:БДСМ (3/3)
Категорія:Ведмеді (субкультура) (3/3)
Категорія:Жіноча культура (3/3)
Категорія:Культура ЛГБТ (3/3)
Категорія:Чоловіча культура (3/3)
Категорія:Стосунки заради сексу (2/3)
Категорія:Груповий секс (3/3)
Категорія:Сексуальна залежність (3/3)
Категорія:Суперечки навколо сексуальності (2/3)
Категорія:Суперечки, пов'язані з ЛГБТ (3/3)
Категорія:Сексологія (1/3)
Категорія:Венерологія (2/3)
Категорія:Венерологи (3/3)
Категорія:Хвороби, які передаються статевим шляхом (3/3)
Категорія:Сексуальні емоції (2/3)
Категорія:Еротика (3/3)
Категорія:Статеве збудження (3/3)
Категорія:Одностатева сексуальність (2/3)
Категорія:Бісексуальність (3/3)
Категорія:Гомосексуальність (3/3)
Категорія:Полігамія (2/3)
Категорія:Гарем (3/3)
Категорія:Поліаморія (3/3)
Категорія:Сексологи (2/3)
Категорія:Жінки-сексологи (3/3)
Категорія:Сексологи за країною (3/3)
Категорія:Сексуальна орієнтація та наука (2/3)
Категорія:ЛГБТ-науковці (3/3)
Категорія:Сексуальні девіації (2/3)
Категорія:Ексгібіціонізм (3/3)
Категорія:Зоофілія (3/3)
Категорія:Інцест (3/3)
Категорія:Некрофілія (3/3)
Категорія:Педофілія (3/3)
Категорія:Садомазохізм (3/3)
Категорія:Сексуальний фетишизм (3/3)
Категорія:Фільми про сексуальні девіації (3/3)
Категорія:Спаровування (2/3)
Категорія:Системи спаровування (3/3)
Категорія:Шлюб, союзи та партнерства (3/3)
Категорія:Статеве збудження (2/3)
Категорія:Сексуальні позиції (1/3)
Категорія:Сексуальні ролі (1/3)
Категорія:Проституція (0/3)
Категорія:Сутенери (1/3)
Категорія:Злочинці XIX століття (2/3)
Категорія:Повії (1/3)
Категорія:Гетери (2/3)
Категорія:Куртизанки (2/3)
Категорія:Куртизанки і повії Великої Британії (3/3)
Категорія:Гарем (3/3)
Категорія:Образ повій у культурі (2/3)
Категорія:Образ Таїс Афінської в культурі (3/3)
Категорія:Образ Носатої Кейт у культурі (3/3)
Категорія:Образ Фріни в культурі (3/3)
Категорія:Антипроституційні рухи (1/3)
Категорія:Антипроституційний фемінізм (2/3)
Категорія:Антипроституційні феміністки (3/3)
Категорія:FEMEN (3/3)
Категорія:Радикальний фемінізм (2/3)
Категорія:Жіночі простори (3/3)
Категорія:Радикальні феміністки (3/3)
Категорія:Дитяча проституція (1/3)
Категорія:Законодавство про проституцію (1/3)
Категорія:Історія проституції (1/3)
Категорія:Проституція в Стародавньому Римі (2/3)
Категорія:Проституція за країною (1/3)
Категорія:Проституція в Стародавньому Римі (2/3)
Категорія:Твори про проституцію (1/3)
Категорія:Книги про проституцію (2/3)
Категорія:Романи про проституцію (3/3)
Категорія:Фільми про проституцію (2/3)
Категорія:Фільми про чоловічу проституцію (3/3)
Категорія:Фільми про дитячу проституцію (3/3)
Категорія:Фільми про проституцію в Італії (3/3)
Категорія:Фільми про проституцію в США (3/3)
Категорія:Чоловіча проституція (1/3)
Категорія:Фільми про чоловічу проституцію (2/3)
Категорія:Сексуальне здоров'я (0/3)

Статей із provenance: 3859

Фактів у кеші: 2520
Релевантних фактів: 3

=== НОВИЙ БЛОК ===

* Гормони '''[[Фолікулостимулюючий гормон|ФСГ]]''' та '''[[Лютеїнізуючий гормон|ЛГ]]''' призводять до [[Овуляція|вивільнення]] [[Яйцеклітина|яйцеклітини]]. Проте в зрілому віці, коли ніякого вивільнення яйцеклітини вже [[Менопауза|не відбувається]], їхня концентрація в крові зростає, а не знижується.
* [[Ембер Роуз|'''Колишня стриптизерка''']] очолила [[Парад повій|парад]]
* Коли [[ЛГБТ|геям та лесбіянкам]] в Амстердамі не дозволили покласти квіти до '''[[Національний монумент (Амстердам)|цього монумента]]''', вони спорудили '''[[Гомомонумент|свій власний]]'''.
Page [[Портал:Сексуальність/Цікавинки]] saved

Портал успішно оновлено.

Синхронізацію завершено.
last_sync = 2026-09-05T18:43:35Z
 
[05.09.2026 21:53:55,08] EXIT CODE: 0 
